2026-09-02 22:16:04.521 [info] [AgentHost:renderer] Acquiring MessagePort to agent host...
2026-09-02 22:16:04.860 [info] [ChatModelSelection] event=no-model-at-toolbar-build surface="workbench" sessionKey=undefined conversationKey=undefined modelTarget=undefined storageKey="chat.currentLanguageModel.panel" widgetViewKind="view"
2026-09-02 22:16:05.364 [info] [AgentHost:renderer] MessagePort acquired, creating client...
2026-09-02 22:16:05.370 [info] [ChatModelSelection] event=no-model-at-toolbar-build surface="workbench" sessionKey="local" conversationKey="vscode-chat-session://local/NzczNDc1MzctNDQyNy00NDhlLWEyODQtZTQxOWQzN2ZmYjUx" modelTarget=undefined storageKey="chat.currentLanguageModel.panel" widgetViewKind="view"
2026-09-02 22:16:05.573 [info] Started local extension host with pid 43220.
2026-09-02 22:16:05.783 [info] [AccountPolicyGate] apply: state=inactive, reason=undefined, isRestricted=false
2026-09-02 22:16:06.471 [info] [AgentHost:renderer] Protocol connection established; clientId=3dff2f79-05e2-4259-9f8e-708519175b28
2026-09-02 22:16:06.473 [info] [AgentHost] No token resolved for resource: https://api.github.com
2026-09-02 22:16:06.482 [info] [AgentHost] No token resolved for resource: https://api.github.com
2026-09-02 22:16:06.489 [info] [AgentHost] No token resolved for resource: https://api.github.com
2026-09-02 22:16:06.846 [info] [AgentHost] Clearing authentication for resource: https://api.github.com
2026-09-02 22:16:07.300 [info] [AgentHost] No token resolved for resource: https://api.github.com
2026-09-02 22:16:07.300 [info] [AgentHost] No token resolved for resource: https://api.github.com
2026-09-02 22:16:07.301 [info] [AgentHost] No token resolved for resource: https://api.github.com
2026-09-02 22:16:07.302 [info] [AgentHost] No token resolved for resource: https://api.github.com/repos
2026-09-02 22:16:07.303 [info] [AgentHost] No token resolved for resource: https://api.github.com/repos
2026-09-02 22:16:07.303 [info] [AgentHost] No token resolved for resource: https://api.github.com/repos
2026-09-02 22:16:07.310 [info] [AgentHost] Clearing authentication for resource: https://api.github.com/repos
2026-09-02 22:16:07.432 [info] [AgentHost] No token resolved for resource: https://api.github.com/repos
2026-09-02 22:16:07.433 [info] [AgentHost] No token resolved for resource: https://api.github.com/repos
2026-09-02 22:16:07.434 [info] [AgentHost] No token resolved for resource: https://api.github.com/repos
2026-09-02 22:16:07.455 [info] [ChatModelSelection] event=no-model-at-toolbar-build surface="workbench" sessionKey="local" conversationKey="vscode-chat-session://local/NzczNDc1MzctNDQyNy00NDhlLWEyODQtZTQxOWQzN2ZmYjUx" modelTarget=undefined storageKey="chat.currentLanguageModel.panel" widgetViewKind="view"
2026-09-02 22:16:08.682 [info] [perf] Render performance baseline is 17ms
2026-09-02 22:16:10.780 [info] [AccountPolicyGate] apply: state=inactive, reason=undefined, isRestricted=false
