2026-09-05 09:16:56.726 [info] [        120ms] [/home/onelcrack/Documentos/Repos/bspwm_dotfiles_arch] git rev-parse --show-toplevel --git-dir --git-common-dir --show-superproject-working-tree • completed
2026-09-05 09:16:56.799 [info] [         29ms] [/home/onelcrack/Documentos/Repos/bspwm_dotfiles_arch] git for-each-ref --format=%1E%(HEAD)%1D%(refname)%1D%(objectname)%1D%(*objectname)%1D%(upstream)%1D%(upstream:track)%1D%(committerdate:iso8601)%1D%(creatordate:iso8601)%1D%(authordate:iso8601)%1D%(subject)%1D%(worktreepath)%1D refs/heads/ refs/remotes/ refs/tags/ refs/replace/ • completed
2026-09-05 09:16:56.802 [info] [         36ms] [/home/onelcrack/Documentos/Repos/bspwm_dotfiles_arch] git worktree list --porcelain • completed
2026-09-05 09:16:56.802 [info] [         57ms] [/home/onelcrack/Documentos/Repos/bspwm_dotfiles_arch] git remote -v • completed
2026-09-05 09:16:56.827 [info] [         22ms] [/home/onelcrack/Documentos/Repos/bspwm_dotfiles_arch] git config --get-regex ^branch\..*\.gk- • completed
2026-09-05 09:16:56.839 [info] [         11ms] [/home/onelcrack/Documentos/Repos/bspwm_dotfiles_arch] git config --get-regex -f /home/onelcrack/Documentos/Repos/bspwm_dotfiles_arch/.git/gk/config . • completed
2026-09-05 09:16:56.906 [info] [         60ms] [/home/onelcrack/Documentos/Repos/bspwm_dotfiles_arch] git config --local --get-regex ^(extensions\.partialclone|remote\..*\.promisor)$ • completed
2026-09-05 09:16:56.906 [info] [         61ms] [/home/onelcrack/Documentos/Repos/bspwm_dotfiles_arch] git config --global --get-all maintenance.repo • completed
2026-09-05 09:16:56.911 [info] [         67ms] [/home/onelcrack/Documentos/Repos/bspwm_dotfiles_arch] git config --get-regex ^(core\.fsmonitor|core\.untrackedcache|core\.commitgraph|core\.multipackindex|core\.sparsecheckout|core\.sparsecheckoutcone|core\.splitindex|extensions\.refstorage|feature\.manyfiles|index\.sparse|maintenance\.incremental-repack\.auto)$ • completed
2026-09-05 09:16:56.918 [error] [         71ms] [/home/onelcrack/Documentos/Repos/bspwm_dotfiles_arch] git rev-parse --abbrev-ref --symbolic-full-name @ @{u} -- • FAILED
Error: fatal: bad revision '@'
2026-09-05 09:16:56.929 [info] [         22ms] [/home/onelcrack/Documentos/Repos/bspwm_dotfiles_arch] git worktree list --porcelain • completed
2026-09-05 09:16:56.960 [info] [         41ms] [/home/onelcrack/Documentos/Repos/bspwm_dotfiles_arch] git symbolic-ref --short HEAD • completed
2026-09-05 09:16:56.980 [info] [         38ms] [/home/onelcrack/Documentos/Repos/bspwm_dotfiles_arch] git config --local --get-regex ^(extensions\.partialclone|remote\..*\.promisor)$ • completed
2026-09-05 09:16:56.981 [info] [         38ms] [/home/onelcrack/Documentos/Repos/bspwm_dotfiles_arch] git config --get-regex ^(core\.fsmonitor|core\.untrackedcache|core\.commitgraph|core\.multipackindex|core\.sparsecheckout|core\.sparsecheckoutcone|core\.splitindex|extensions\.refstorage|feature\.manyfiles|index\.sparse|maintenance\.incremental-repack\.auto)$ • completed
2026-09-05 09:16:56.981 [info] [         46ms] [/home/onelcrack/Documentos/Repos/bspwm_dotfiles_arch] git config --type=bool --get core.commitGraph • completed
2026-09-05 09:16:57.003 [info] [         21ms] [/home/onelcrack/Documentos/Repos/bspwm_dotfiles_arch] git config --local --get-regex ^(extensions\.partialclone|remote\..*\.promisor)$ • completed
2026-09-05 09:16:57.019 [info] [         58ms] [/home/onelcrack/Documentos/Repos/bspwm_dotfiles_arch] git log -n1 --format=%ct -- • completed
2026-09-05 09:16:57.022 [info] [         18ms] [/home/onelcrack/Documentos/Repos/bspwm_dotfiles_arch] git commit-graph write --reachable --split --changed-paths --max-new-filters=512 • completed
2026-09-05 09:16:57.051 [info] [         27ms] [/home/onelcrack/Documentos/Repos/bspwm_dotfiles_arch] git config --get-regex ^(core\.fsmonitor|core\.untrackedcache|core\.commitgraph|core\.multipackindex|core\.sparsecheckout|core\.sparsecheckoutcone|core\.splitindex|extensions\.refstorage|feature\.manyfiles|index\.sparse|maintenance\.incremental-repack\.auto)$ • completed
2026-09-05 09:16:57.052 [info] [         28ms] [/home/onelcrack/Documentos/Repos/bspwm_dotfiles_arch] git config --local --get-regex ^(extensions\.partialclone|remote\..*\.promisor)$ • completed
2026-09-05 09:16:57.186 [info] [         18ms] [/home/onelcrack/Documentos/Repos/bspwm_dotfiles_arch] git config --get-regex -f /home/onelcrack/Documentos/Repos/bspwm_dotfiles_arch/.git/gk/config . • completed
2026-09-05 09:17:31.768 [info] [         12ms] [/home/onelcrack/Documentos/Repos/bspwm_dotfiles_arch] git rev-list --max-parents=0 HEAD -- • completed
