La extensión XFIG Input» no se ha cargado porque no se ha cumplido una dependencia. Dependencia:
	tipo: executable
	localización: trayecto
	cadena: fig2dev

La extensión Formula (pdflatex)» no se ha cargado porque no se ha cumplido una dependencia. Dependencia:
	tipo: executable
	localización: trayecto
	cadena: pdflatex

La extensión Export to PDF via Scribus» no se ha cargado porque no se ha cumplido una dependencia. Dependencia:
	tipo: executable
	localización: trayecto
	cadena: scribus

La extensión Optimized PNG» no se ha cargado porque no se ha cumplido una dependencia. Dependencia:
	tipo: executable
	localización: trayecto
	cadena: optipng

La extensión GIMP XCF» no se ha cargado porque no se ha cumplido una dependencia. Dependencia:
	tipo: executable
	localización: trayecto
	cadena: gimp

La extensión Formula (typst)» no se ha cargado porque no se ha cumplido una dependencia. Dependencia:
	tipo: executable
	localización: trayecto
	cadena: typst

