2026-09-05 09:14:40.550 [info] Reading sessions from keychain...
2026-09-05 09:14:40.551 [info] Getting sessions for all scopes...
2026-09-05 09:14:40.559 [info] Got 0 sessions for all scopes...
2026-09-05 09:14:40.559 [info] Getting sessions for all scopes...
2026-09-05 09:14:40.559 [info] Got 0 sessions for all scopes...
2026-09-05 09:14:40.559 [info] Getting sessions for all scopes...
2026-09-05 09:14:40.559 [info] Got 0 sessions for all scopes...
2026-09-05 09:14:40.560 [info] Getting sessions for read:user,user:email...
2026-09-05 09:14:40.560 [info] Got 0 sessions for read:user,user:email...
2026-09-05 09:14:40.580 [info] Getting sessions for all scopes...
2026-09-05 09:14:40.580 [info] Got 0 sessions for all scopes...
2026-09-05 09:14:40.581 [info] Getting sessions for all scopes...
2026-09-05 09:14:40.581 [info] Got 0 sessions for all scopes...
2026-09-05 09:14:40.666 [info] Getting sessions for repo...
2026-09-05 09:14:40.666 [info] Got 0 sessions for repo...
2026-09-05 09:14:40.718 [info] Getting sessions for all scopes...
2026-09-05 09:14:40.718 [info] Got 0 sessions for all scopes...
2026-09-05 09:14:41.780 [info] Getting sessions for all scopes...
2026-09-05 09:14:41.780 [info] Got 0 sessions for all scopes...
2026-09-05 09:14:44.845 [info] Getting sessions for read:user,repo,user:email,workflow...
2026-09-05 09:14:44.845 [info] Got 0 sessions for read:user,repo,user:email,workflow...
2026-09-05 09:14:49.990 [info] Logging in with 'any' account...
2026-09-05 09:14:49.991 [info] Logging in for the following scopes: read:user repo user:email workflow
2026-09-05 09:14:50.031 [info] Trying device code flow... (read:user repo user:email workflow)
2026-09-05 09:15:42.573 [info] Getting user info...
2026-09-05 09:15:42.932 [info] Got account info!
2026-09-05 09:15:42.933 [info] Storing 1 sessions...
2026-09-05 09:16:11.302 [info] Reading sessions from keychain...
2026-09-05 09:16:11.302 [info] Stored 1 sessions!
2026-09-05 09:16:11.302 [info] Login success!
2026-09-05 09:16:11.303 [info] Got stored sessions!
2026-09-05 09:16:11.303 [info] Got 1 verified sessions.
2026-09-05 09:16:11.304 [info] Getting sessions for read:user,user:email...
2026-09-05 09:16:11.305 [info] Got 0 sessions for read:user,user:email...
2026-09-05 09:16:11.308 [info] Getting sessions for all scopes...
2026-09-05 09:16:11.308 [info] Got 1 sessions for all scopes...
2026-09-05 09:16:11.314 [info] Getting sessions for read:user,repo,user:email,workflow...
2026-09-05 09:16:11.314 [info] Got 1 sessions for read:user,repo,user:email,workflow...
2026-09-05 09:16:11.408 [info] Getting sessions for all scopes...
2026-09-05 09:16:11.409 [info] Got 1 sessions for all scopes...
2026-09-05 09:16:11.412 [info] Getting sessions for all scopes...
2026-09-05 09:16:11.412 [info] Got 1 sessions for all scopes...
2026-09-05 09:16:12.988 [info] Getting sessions for repo...
2026-09-05 09:16:12.988 [info] Got 0 sessions for repo...
2026-09-05 09:16:12.988 [info] Getting sessions for all scopes...
2026-09-05 09:16:12.988 [info] Got 1 sessions for all scopes...
2026-09-05 09:16:13.151 [info] Getting sessions for read:user,user:email...
2026-09-05 09:16:13.151 [info] Got 0 sessions for read:user,user:email...
2026-09-05 09:16:13.673 [info] Getting sessions for all scopes...
2026-09-05 09:16:13.673 [info] Got 1 sessions for all scopes...
2026-09-05 09:16:13.728 [info] Getting sessions for repo...
2026-09-05 09:16:13.728 [info] Got 0 sessions for repo...
2026-09-05 09:16:15.537 [info] Getting sessions for all scopes...
2026-09-05 09:16:15.537 [info] Got 1 sessions for all scopes...
2026-09-05 09:16:15.688 [info] Getting sessions for read:user,user:email...
2026-09-05 09:16:15.688 [info] Got 0 sessions for read:user,user:email...
2026-09-05 09:16:15.725 [info] Getting sessions for all scopes...
2026-09-05 09:16:15.725 [info] Got 1 sessions for all scopes...
2026-09-05 09:16:15.786 [info] Getting sessions for all scopes...
2026-09-05 09:16:15.786 [info] Got 1 sessions for all scopes...
2026-09-05 09:16:15.787 [info] Getting sessions for all scopes...
2026-09-05 09:16:15.787 [info] Got 1 sessions for all scopes...
2026-09-05 09:16:15.845 [info] Getting sessions for all scopes...
2026-09-05 09:16:15.845 [info] Got 1 sessions for all scopes...
2026-09-05 09:16:15.850 [info] Getting sessions for repo...
2026-09-05 09:16:15.850 [info] Got 0 sessions for repo...
2026-09-05 09:16:15.874 [info] Getting sessions for all scopes...
2026-09-05 09:16:15.874 [info] Got 1 sessions for all scopes...
2026-09-05 09:16:15.994 [info] Getting sessions for read:user,repo,user:email,workflow...
2026-09-05 09:16:15.994 [info] Got 1 sessions for read:user,repo,user:email,workflow...
2026-09-05 09:16:16.378 [info] Getting sessions for all scopes...
2026-09-05 09:16:16.378 [info] Got 1 sessions for all scopes...
2026-09-05 09:16:16.404 [info] Getting sessions for read:user,repo,user:email,workflow...
2026-09-05 09:16:16.404 [info] Got 1 sessions for read:user,repo,user:email,workflow...
2026-09-05 09:16:16.554 [info] Getting sessions for all scopes...
2026-09-05 09:16:16.554 [info] Got 1 sessions for all scopes...
2026-09-05 09:16:16.613 [info] Getting sessions for all scopes...
2026-09-05 09:16:16.613 [info] Got 1 sessions for all scopes...
2026-09-05 09:16:16.613 [info] Getting sessions for all scopes...
2026-09-05 09:16:16.614 [info] Got 1 sessions for all scopes...
2026-09-05 09:16:16.618 [info] Getting sessions for all scopes...
2026-09-05 09:16:16.618 [info] Got 1 sessions for all scopes...
2026-09-05 09:16:16.633 [info] Getting sessions for read:user,repo,user:email,workflow...
2026-09-05 09:16:16.633 [info] Got 1 sessions for read:user,repo,user:email,workflow...
2026-09-05 09:16:16.636 [info] Getting sessions for all scopes...
2026-09-05 09:16:16.636 [info] Got 1 sessions for all scopes...
2026-09-05 09:16:16.637 [info] Getting sessions for all scopes...
2026-09-05 09:16:16.637 [info] Got 1 sessions for all scopes...
2026-09-05 09:16:16.664 [info] Getting sessions for all scopes...
2026-09-05 09:16:16.664 [info] Got 1 sessions for all scopes...
2026-09-05 09:16:16.671 [info] Getting sessions for read:user,repo,user:email,workflow...
2026-09-05 09:16:16.671 [info] Got 1 sessions for read:user,repo,user:email,workflow...
2026-09-05 09:16:16.930 [info] Getting sessions for all scopes...
2026-09-05 09:16:16.930 [info] Got 1 sessions for all scopes...
2026-09-05 09:16:16.932 [info] Getting sessions for read:user,repo,user:email,workflow...
2026-09-05 09:16:16.932 [info] Got 1 sessions for read:user,repo,user:email,workflow...
2026-09-05 09:16:17.202 [info] Getting sessions for read:user,user:email...
2026-09-05 09:16:17.203 [info] Got 0 sessions for read:user,user:email...
2026-09-05 09:16:17.204 [info] Getting sessions for all scopes...
2026-09-05 09:16:17.204 [info] Got 1 sessions for all scopes...
2026-09-05 09:16:17.204 [info] Getting sessions for repo...
2026-09-05 09:16:17.204 [info] Got 0 sessions for repo...
2026-09-05 09:16:17.205 [info] Getting sessions for all scopes...
2026-09-05 09:16:17.205 [info] Got 1 sessions for all scopes...
2026-09-05 09:16:21.568 [info] Getting sessions for all scopes...
2026-09-05 09:16:21.568 [info] Got 1 sessions for all scopes...
2026-09-05 09:16:21.569 [info] Getting sessions for all scopes...
2026-09-05 09:16:21.569 [info] Got 1 sessions for all scopes...
2026-09-05 09:16:24.815 [info] Getting sessions for all scopes...
2026-09-05 09:16:24.815 [info] Got 1 sessions for all scopes...
2026-09-05 09:16:24.816 [info] Getting sessions for all scopes...
2026-09-05 09:16:24.816 [info] Got 1 sessions for all scopes...
2026-09-05 09:16:31.158 [info] Getting sessions for all scopes...
2026-09-05 09:16:31.158 [info] Got 1 sessions for all scopes...
2026-09-05 09:16:31.159 [info] Getting sessions for all scopes...
2026-09-05 09:16:31.159 [info] Got 1 sessions for all scopes...
