2026-09-01 20:21:33.380 [info] Reading sessions from keychain...
2026-09-01 20:21:33.380 [info] Getting sessions for all scopes...
2026-09-01 20:21:33.380 [info] Got 0 sessions for ...
2026-09-01 20:21:33.380 [info] Getting sessions for all scopes...
2026-09-01 20:21:33.380 [info] Got 0 sessions for ...
2026-09-01 20:21:33.380 [info] Getting sessions for all scopes...
2026-09-01 20:21:33.380 [info] Got 0 sessions for ...
2026-09-01 20:21:33.380 [info] Getting sessions for all scopes...
2026-09-01 20:21:33.380 [info] Got 0 sessions for ...
2026-09-01 20:21:33.380 [info] Getting sessions for all scopes...
2026-09-01 20:21:33.380 [info] Got 0 sessions for ...
2026-09-01 20:21:33.603 [info] Getting sessions for read:user,user:email...
2026-09-01 20:21:33.603 [info] Got 0 sessions for read:user,user:email...
2026-09-01 20:21:33.626 [info] Getting sessions for all scopes...
2026-09-01 20:21:33.626 [info] Got 0 sessions for ...
2026-09-01 20:21:33.628 [info] Getting sessions for read:user,user:email...
2026-09-01 20:21:33.628 [info] Got 0 sessions for read:user,user:email...
2026-09-01 20:21:33.629 [info] Getting sessions for read:user,user:email...
2026-09-01 20:21:33.629 [info] Got 0 sessions for read:user,user:email...
2026-09-01 20:21:33.630 [info] Getting sessions for read:user,user:email...
2026-09-01 20:21:33.630 [info] Got 0 sessions for read:user,user:email...
2026-09-01 20:21:33.634 [info] Getting sessions for read:user,user:email...
2026-09-01 20:21:33.635 [info] Got 0 sessions for read:user,user:email...
2026-09-01 20:21:33.635 [info] Getting sessions for read:user,user:email...
2026-09-01 20:21:33.635 [info] Got 0 sessions for read:user,user:email...
2026-09-01 20:21:33.635 [info] Getting sessions for read:user,user:email...
2026-09-01 20:21:33.635 [info] Got 0 sessions for read:user,user:email...
2026-09-01 20:21:33.635 [info] Getting sessions for read:user,user:email...
2026-09-01 20:21:33.635 [info] Got 0 sessions for read:user,user:email...
2026-09-01 20:21:33.635 [info] Getting sessions for read:user,user:email...
2026-09-01 20:21:33.635 [info] Got 0 sessions for read:user,user:email...
2026-09-01 20:21:33.635 [info] Getting sessions for read:user,user:email...
2026-09-01 20:21:33.635 [info] Got 0 sessions for read:user,user:email...
2026-09-01 20:21:33.635 [info] Getting sessions for read:user,user:email...
2026-09-01 20:21:33.635 [info] Got 0 sessions for read:user,user:email...
2026-09-01 20:21:33.636 [info] Getting sessions for read:user,user:email...
2026-09-01 20:21:33.636 [info] Got 0 sessions for read:user,user:email...
2026-09-01 20:21:33.639 [info] Getting sessions for read:user,user:email...
2026-09-01 20:21:33.640 [info] Got 0 sessions for read:user,user:email...
2026-09-01 20:21:33.644 [info] Getting sessions for all scopes...
2026-09-01 20:21:33.644 [info] Got 0 sessions for ...
2026-09-01 20:21:33.644 [info] Getting sessions for all scopes...
2026-09-01 20:21:33.644 [info] Got 0 sessions for ...
2026-09-01 20:21:33.644 [info] Getting sessions for all scopes...
2026-09-01 20:21:33.644 [info] Got 0 sessions for ...
2026-09-01 20:21:33.644 [info] Getting sessions for all scopes...
2026-09-01 20:21:33.644 [info] Got 0 sessions for ...
2026-09-01 20:21:33.644 [info] Getting sessions for all scopes...
2026-09-01 20:21:33.644 [info] Got 0 sessions for ...
2026-09-01 20:21:33.647 [info] Getting sessions for all scopes...
2026-09-01 20:21:33.648 [info] Got 0 sessions for ...
2026-09-01 20:21:33.648 [info] Getting sessions for all scopes...
2026-09-01 20:21:33.648 [info] Got 0 sessions for ...
2026-09-01 20:21:33.648 [info] Getting sessions for all scopes...
2026-09-01 20:21:33.648 [info] Got 0 sessions for ...
2026-09-01 20:21:33.648 [info] Getting sessions for all scopes...
2026-09-01 20:21:33.648 [info] Got 0 sessions for ...
2026-09-01 20:21:33.648 [info] Getting sessions for all scopes...
2026-09-01 20:21:33.648 [info] Got 0 sessions for ...
2026-09-01 20:21:33.649 [info] Getting sessions for all scopes...
2026-09-01 20:21:33.649 [info] Got 0 sessions for ...
2026-09-01 20:21:33.653 [info] Getting sessions for all scopes...
2026-09-01 20:21:33.653 [info] Got 0 sessions for ...
2026-09-01 20:21:33.663 [info] Getting sessions for repo...
2026-09-01 20:21:33.663 [info] Got 0 sessions for repo...
2026-09-01 20:21:33.663 [info] Getting sessions for repo...
2026-09-01 20:21:33.663 [info] Got 0 sessions for repo...
2026-09-01 20:21:33.663 [info] Getting sessions for repo...
2026-09-01 20:21:33.663 [info] Got 0 sessions for repo...
2026-09-01 20:21:33.663 [info] Getting sessions for repo...
2026-09-01 20:21:33.663 [info] Got 0 sessions for repo...
2026-09-01 20:21:33.663 [info] Getting sessions for repo...
2026-09-01 20:21:33.663 [info] Got 0 sessions for repo...
2026-09-01 20:21:33.664 [info] Getting sessions for repo...
2026-09-01 20:21:33.664 [info] Got 0 sessions for repo...
2026-09-01 20:21:33.664 [info] Getting sessions for repo...
2026-09-01 20:21:33.664 [info] Got 0 sessions for repo...
2026-09-01 20:21:33.664 [info] Getting sessions for repo...
2026-09-01 20:21:33.664 [info] Got 0 sessions for repo...
2026-09-01 20:21:33.664 [info] Getting sessions for repo...
2026-09-01 20:21:33.664 [info] Got 0 sessions for repo...
2026-09-01 20:21:33.664 [info] Getting sessions for repo...
2026-09-01 20:21:33.664 [info] Got 0 sessions for repo...
2026-09-01 20:21:33.664 [info] Getting sessions for repo...
2026-09-01 20:21:33.664 [info] Got 0 sessions for repo...
2026-09-01 20:21:33.664 [info] Getting sessions for repo...
2026-09-01 20:21:33.664 [info] Got 0 sessions for repo...
2026-09-01 20:21:33.665 [info] Getting sessions for repo...
2026-09-01 20:21:33.665 [info] Got 0 sessions for repo...
2026-09-01 20:21:33.665 [info] Getting sessions for all scopes...
2026-09-01 20:21:33.665 [info] Got 0 sessions for ...
2026-09-01 20:21:33.665 [info] Getting sessions for all scopes...
2026-09-01 20:21:33.665 [info] Got 0 sessions for ...
2026-09-01 20:21:33.666 [info] Getting sessions for all scopes...
2026-09-01 20:21:33.666 [info] Got 0 sessions for ...
2026-09-01 20:21:33.666 [info] Getting sessions for all scopes...
2026-09-01 20:21:33.666 [info] Got 0 sessions for ...
2026-09-01 20:21:33.667 [info] Getting sessions for all scopes...
2026-09-01 20:21:33.667 [info] Got 0 sessions for ...
2026-09-01 20:21:33.667 [info] Getting sessions for all scopes...
2026-09-01 20:21:33.667 [info] Got 0 sessions for ...
2026-09-01 20:21:33.667 [info] Getting sessions for all scopes...
2026-09-01 20:21:33.667 [info] Got 0 sessions for ...
2026-09-01 20:21:33.669 [info] Getting sessions for all scopes...
2026-09-01 20:21:33.669 [info] Got 0 sessions for ...
2026-09-01 20:21:33.669 [info] Getting sessions for all scopes...
2026-09-01 20:21:33.669 [info] Got 0 sessions for ...
2026-09-01 20:21:33.669 [info] Getting sessions for all scopes...
2026-09-01 20:21:33.669 [info] Got 0 sessions for ...
2026-09-01 20:21:33.669 [info] Getting sessions for all scopes...
2026-09-01 20:21:33.669 [info] Got 0 sessions for ...
2026-09-01 20:21:33.669 [info] Getting sessions for all scopes...
2026-09-01 20:21:33.669 [info] Got 0 sessions for ...
2026-09-01 20:21:33.669 [info] Getting sessions for all scopes...
2026-09-01 20:21:33.670 [info] Got 0 sessions for ...
2026-09-01 20:21:34.472 [info] Getting sessions for all scopes...
2026-09-01 20:21:34.472 [info] Got 0 sessions for ...
