2026-09-02 22:16:07.290 [info] Reading sessions from keychain...
2026-09-02 22:16:07.290 [info] Getting sessions for all scopes...
2026-09-02 22:16:07.290 [info] Got 0 sessions for ...
2026-09-02 22:16:07.290 [info] Getting sessions for all scopes...
2026-09-02 22:16:07.290 [info] Got 0 sessions for ...
2026-09-02 22:16:07.290 [info] Getting sessions for all scopes...
2026-09-02 22:16:07.290 [info] Got 0 sessions for ...
2026-09-02 22:16:07.290 [info] Getting sessions for read:user,user:email...
2026-09-02 22:16:07.290 [info] Got 0 sessions for read:user,user:email...
2026-09-02 22:16:07.290 [info] Getting sessions for read:user,user:email...
2026-09-02 22:16:07.290 [info] Got 0 sessions for read:user,user:email...
2026-09-02 22:16:07.290 [info] Getting sessions for read:user,user:email...
2026-09-02 22:16:07.290 [info] Got 0 sessions for read:user,user:email...
2026-09-02 22:16:07.290 [info] Getting sessions for repo...
2026-09-02 22:16:07.290 [info] Got 0 sessions for repo...
2026-09-02 22:16:07.290 [info] Getting sessions for repo...
2026-09-02 22:16:07.290 [info] Got 0 sessions for repo...
2026-09-02 22:16:07.290 [info] Getting sessions for repo...
2026-09-02 22:16:07.290 [info] Got 0 sessions for repo...
2026-09-02 22:16:07.295 [info] Getting sessions for all scopes...
2026-09-02 22:16:07.295 [info] Got 0 sessions for ...
2026-09-02 22:16:07.296 [info] Getting sessions for all scopes...
2026-09-02 22:16:07.296 [info] Got 0 sessions for ...
2026-09-02 22:16:07.296 [info] Getting sessions for all scopes...
2026-09-02 22:16:07.296 [info] Got 0 sessions for ...
2026-09-02 22:16:07.297 [info] Getting sessions for all scopes...
2026-09-02 22:16:07.297 [info] Got 0 sessions for ...
2026-09-02 22:16:07.297 [info] Getting sessions for all scopes...
2026-09-02 22:16:07.297 [info] Got 0 sessions for ...
2026-09-02 22:16:07.298 [info] Getting sessions for all scopes...
2026-09-02 22:16:07.298 [info] Got 0 sessions for ...
2026-09-02 22:16:07.298 [info] Getting sessions for all scopes...
2026-09-02 22:16:07.298 [info] Got 0 sessions for ...
2026-09-02 22:16:07.301 [info] Getting sessions for repo...
2026-09-02 22:16:07.301 [info] Got 0 sessions for repo...
2026-09-02 22:16:07.301 [info] Getting sessions for repo...
2026-09-02 22:16:07.301 [info] Got 0 sessions for repo...
2026-09-02 22:16:07.302 [info] Getting sessions for repo...
2026-09-02 22:16:07.302 [info] Got 0 sessions for repo...
2026-09-02 22:16:07.429 [info] Getting sessions for all scopes...
2026-09-02 22:16:07.429 [info] Got 0 sessions for ...
2026-09-02 22:16:07.429 [info] Getting sessions for all scopes...
2026-09-02 22:16:07.429 [info] Got 0 sessions for ...
2026-09-02 22:16:07.430 [info] Getting sessions for all scopes...
2026-09-02 22:16:07.430 [info] Got 0 sessions for ...
2026-09-02 22:16:08.203 [info] Getting sessions for all scopes...
2026-09-02 22:16:08.203 [info] Got 0 sessions for ...
