2026-09-01 20:21:31.291 [info] [AgentHost:renderer] Acquiring MessagePort to agent host...
2026-09-01 20:21:31.574 [info] [ChatModelSelection] event=no-model-at-toolbar-build surface="workbench" sessionKey=undefined conversationKey=undefined modelTarget=undefined storageKey="chat.currentLanguageModel.panel" widgetViewKind="view"
2026-09-01 20:21:31.926 [info] [ChatModelSelection] event=no-model-at-toolbar-build surface="workbench" sessionKey="local" conversationKey="vscode-chat-session://local/ODViNjY1MjEtNDU2MC00NTZjLWFkYzMtY2E4YTk2ZjAyYjZj" modelTarget=undefined storageKey="chat.currentLanguageModel.panel" widgetViewKind="view"
2026-09-01 20:21:31.973 [info] [AgentHost:renderer] MessagePort acquired, creating client...
2026-09-01 20:21:32.064 [info] Started local extension host with pid 28258.
2026-09-01 20:21:32.104 [info] Started initializing default profile extensions in extensions installation folder. file:///home/onelcrack/.vscode-oss/extensions
2026-09-01 20:21:32.339 [info] [AgentHost:renderer] Protocol connection established; clientId=0eb203ab-d6b7-4e7f-943c-7270034777fe
2026-09-01 20:21:32.452 [info] Completed initializing default profile extensions in extensions installation folder. file:///home/onelcrack/.vscode-oss/extensions
2026-09-01 20:21:33.241 [info] [AccountPolicyGate] apply: state=inactive, reason=undefined, isRestricted=false
2026-09-01 20:21:33.647 [info] [AgentHost] No token resolved for resource: https://api.github.com
2026-09-01 20:21:33.654 [info] [AgentHost] No token resolved for resource: https://api.github.com
2026-09-01 20:21:33.654 [info] [AgentHost] No token resolved for resource: https://api.github.com
2026-09-01 20:21:33.660 [info] [AgentHost] No token resolved for resource: https://api.github.com
2026-09-01 20:21:33.660 [info] [AgentHost] No token resolved for resource: https://api.github.com
2026-09-01 20:21:33.660 [info] [AgentHost] No token resolved for resource: https://api.github.com
2026-09-01 20:21:33.661 [info] [AgentHost] No token resolved for resource: https://api.github.com
2026-09-01 20:21:33.661 [info] [AgentHost] No token resolved for resource: https://api.github.com
2026-09-01 20:21:33.661 [info] [AgentHost] No token resolved for resource: https://api.github.com
2026-09-01 20:21:33.661 [info] [AgentHost] No token resolved for resource: https://api.github.com
2026-09-01 20:21:33.662 [info] [AgentHost] No token resolved for resource: https://api.github.com
2026-09-01 20:21:33.662 [info] [AgentHost] No token resolved for resource: https://api.github.com
2026-09-01 20:21:33.662 [info] [AgentHost] Clearing authentication for resource: https://api.github.com
2026-09-01 20:21:33.663 [info] [AgentHost] No token resolved for resource: https://api.github.com
2026-09-01 20:21:33.670 [info] [AgentHost] No token resolved for resource: https://api.github.com/repos
2026-09-01 20:21:33.671 [info] [AgentHost] No token resolved for resource: https://api.github.com/repos
2026-09-01 20:21:33.671 [info] [AgentHost] No token resolved for resource: https://api.github.com/repos
2026-09-01 20:21:33.671 [info] [AgentHost] No token resolved for resource: https://api.github.com/repos
2026-09-01 20:21:33.672 [info] [AgentHost] No token resolved for resource: https://api.github.com/repos
2026-09-01 20:21:33.672 [info] [AgentHost] No token resolved for resource: https://api.github.com/repos
2026-09-01 20:21:33.672 [info] [AgentHost] No token resolved for resource: https://api.github.com/repos
2026-09-01 20:21:33.672 [info] [AgentHost] No token resolved for resource: https://api.github.com/repos
2026-09-01 20:21:33.672 [info] [AgentHost] No token resolved for resource: https://api.github.com/repos
2026-09-01 20:21:33.674 [info] [AgentHost] No token resolved for resource: https://api.github.com/repos
2026-09-01 20:21:33.674 [info] [AgentHost] No token resolved for resource: https://api.github.com/repos
2026-09-01 20:21:33.674 [info] [AgentHost] No token resolved for resource: https://api.github.com/repos
2026-09-01 20:21:33.674 [info] [AgentHost] No token resolved for resource: https://api.github.com/repos
2026-09-01 20:21:33.693 [info] [AgentHost] Clearing authentication for resource: https://api.github.com/repos
2026-09-01 20:21:33.694 [info] [ChatModelSelection] event=no-model-at-toolbar-build surface="workbench" sessionKey="local" conversationKey="vscode-chat-session://local/ODViNjY1MjEtNDU2MC00NTZjLWFkYzMtY2E4YTk2ZjAyYjZj" modelTarget=undefined storageKey="chat.currentLanguageModel.panel" widgetViewKind="view"
2026-09-01 20:21:33.950 [info] [ChatModelSelection] event=no-model-at-toolbar-build surface="workbench" sessionKey="local" conversationKey="vscode-chat-session://local/ODViNjY1MjEtNDU2MC00NTZjLWFkYzMtY2E4YTk2ZjAyYjZj" modelTarget=undefined storageKey="chat.currentLanguageModel.panel" widgetViewKind="view"
2026-09-01 20:21:35.037 [info] [perf] Render performance baseline is 29ms
2026-09-01 20:21:38.242 [info] [AccountPolicyGate] apply: state=inactive, reason=undefined, isRestricted=false
